// Jest Snapshot v1, https://goo.gl/fbAQLP

exports[`App component - units tests - jest/enzyme matches snapshot 1`] = `
<div
  className="App"
>
  <header
    className="App-header"
  >
    <h1>
      30 days of React
    </h1>
    <h2>
      Day Thirty / Testing React Apps
    </h2>
    <p>
      Total Items: 
      2
    </p>
  </header>
  <div
    className="container"
  >
    <input
      onChange={[Function]}
      type="text"
      value=""
    />
    <button
      className="main-btn"
      onClick={[Function]}
    >
      Add To List
    </button>
  </div>
  <div>
    <div>
      <ul
        className="list"
      >
        <div>
          <div>
            <p>
              apple
            </p>
            <button
              className="smallbtn"
              onClick={[Function]}
            >
              delete
            </button>
          </div>
          <div>
            <p>
              milk
            </p>
            <button
              className="smallbtn"
              onClick={[Function]}
            >
              delete
            </button>
          </div>
        </div>
      </ul>
    </div>
  </div>
</div>
`;
